------------------------------------------------------------------------------------------------------------------------------------------------------
      name:  WP4: IV Estimation: Rosstat and RLMS
       log:  C:\Country\Russia\Data\SEASHELL\SEABYTE\edreru\wp4\wp42.log
  log type:  text
 opened on:   1 May 2020, 14:10:34

. 
end of do-file

. do "C:\Users\1\AppData\Local\Temp\STD6d08_000000.tmp"



                                               ROSSTAT 2018



. esttab ros1_18 ros2_18 ros3_18 ros4_18 ros5_18 ros6_18 ros7_18 ros8_18, b(a2) se(2) nogaps  compress ///
>  mtitle("high_n" "HSGPER" "s1z" "migrate" "women2men" "marrate" "fem_ind_prop" "Literacy_97")

------------------------------------------------------------------------------------------------------------------
                 (1)          (2)          (3)          (4)          (5)          (6)          (7)          (8)   
              high_n       HSGPER          s1z      migrate    women2men      marrate    fem_ind~p    Litera~97   
------------------------------------------------------------------------------------------------------------------
edu_yrs         0.65***      0.65***      0.48***      0.55***     -0.49***      1.41***      0.70***      0.63***
              (0.01)       (0.01)       (0.02)       (0.01)       (0.12)       (0.10)       (0.02)       (0.01)   
exper           0.10***      0.10***     0.076***     0.085***    -0.064***      0.21***      0.11***     0.093***
              (0.00)       (0.00)       (0.00)       (0.00)       (0.02)       (0.02)       (0.00)       (0.00)   
exper2       -0.0012***   -0.0012***  -0.00099***   -0.0011***   0.00012      -0.0021***   -0.0012***   -0.0011***
              (0.00)       (0.00)       (0.00)       (0.00)       (0.00)       (0.00)       (0.00)       (0.00)   
_cons          -0.35        -0.32         2.39***      1.35***      18.2***     -12.7***     -1.11***     0.016   
              (0.21)       (0.21)       (0.25)       (0.22)       (1.89)       (1.61)       (0.33)       (0.23)   
------------------------------------------------------------------------------------------------------------------
N              62957        62957        62957        62957        62957        62957        62957        42623   
------------------------------------------------------------------------------------------------------------------
Standard errors in parentheses
* p<0.05, ** p<0.01, *** p<0.001

. 
end of do-file

. do "C:\Users\1\AppData\Local\Temp\STD6d08_000000.tmp"



                                                 RLMS 2018



. esttab rlms1_18 rlms2_18 rlms3_18 rlms4_18 rlms5_18 rlms6_18 rlms7_18 rlms8_18, b(a2) se(2) nogaps  compress ///
>  mtitle("high_n" "HSGPER" "s1z" "migrate" "women2men" "marrate" "fem_ind_prop" "Literacy_97")

------------------------------------------------------------------------------------------------------------------
                 (1)          (2)          (3)          (4)          (5)          (6)          (7)          (8)   
              high_n       HSGPER          s1z      migrate    women2men      marrate    fem_ind~p    Litera~97   
------------------------------------------------------------------------------------------------------------------
edu_yrs         0.96***      1.35***      0.27***      1.18***     -2.27         2.18*        1.48*        1.20***
              (0.14)       (0.32)       (0.07)       (0.32)       (2.64)       (0.88)       (0.72)       (0.22)   
exper           0.16***      0.22***     0.057***      0.19***     -0.33         0.35*        0.24*        0.20***
              (0.02)       (0.05)       (0.01)       (0.05)       (0.40)       (0.13)       (0.11)       (0.04)   
exper2       -0.0021***   -0.0028***  -0.00098***   -0.0025***    0.0032      -0.0041**    -0.0030*     -0.0026***
              (0.00)       (0.00)       (0.00)       (0.00)       (0.00)       (0.00)       (0.00)       (0.00)   
_cons          -4.94*       -11.1*        5.75***     -8.42         45.6        -24.2        -13.2        -8.75*  
              (2.20)       (5.02)       (1.15)       (5.00)      (41.37)      (13.73)      (11.21)       (3.51)   
------------------------------------------------------------------------------------------------------------------
N               6112         6112         6112         6112         6112         6112         6112         4294   
------------------------------------------------------------------------------------------------------------------
Standard errors in parentheses
* p<0.05, ** p<0.01, *** p<0.001

. 
end of do-file

. do "C:\Users\1\AppData\Local\Temp\STD6d08_000000.tmp"



                                               ROSSTAT 2015



. esttab ros1_15 ros2_15 ros3_15 ros4_15 ros5_15 ros6_15 ros7_15 ros8_15, b(a2) se(2) nogaps  compress ///
>  mtitle("high_n" "HSGPER" "s1z" "migrate" "women2men" "marrate" "fem_ind_prop" "Literacy_97")

------------------------------------------------------------------------------------------------------------------
                 (1)          (2)          (3)          (4)          (5)          (6)          (7)          (8)   
              high_n       HSGPER          s1z      migrate    women2men      marrate    fem_ind~p    Litera~97   
------------------------------------------------------------------------------------------------------------------
edu_yrs         0.67***      0.69***      0.54***      0.66***     -0.19**       1.72***      0.68***      0.66***
              (0.01)       (0.01)       (0.02)       (0.02)       (0.07)       (0.16)       (0.02)       (0.01)   
exper           0.13***      0.13***      0.10***      0.13***    -0.029*        0.32***      0.13***      0.12***
              (0.00)       (0.00)       (0.00)       (0.00)       (0.01)       (0.03)       (0.00)       (0.00)   
exper2       -0.0017***   -0.0018***   -0.0015***   -0.0017*** -0.000065      -0.0038***   -0.0018***   -0.0016***
              (0.00)       (0.00)       (0.00)       (0.00)       (0.00)       (0.00)       (0.00)       (0.00)   
_cons          -0.78***     -1.08***      1.29***     -0.73*        13.2***     -18.0***     -1.06***     -0.59*  
              (0.23)       (0.24)       (0.29)       (0.32)       (1.10)       (2.67)       (0.32)       (0.24)   
------------------------------------------------------------------------------------------------------------------
N              50228        50228        50228        50228        50228        50228        50228        35663   
------------------------------------------------------------------------------------------------------------------
Standard errors in parentheses
* p<0.05, ** p<0.01, *** p<0.001

. 
end of do-file

. do "C:\Users\1\AppData\Local\Temp\STD6d08_000000.tmp"



                                                  RLMS 2015



. esttab rlms1_15 rlms2_15 rlms3_15 rlms4_15 rlms5_15 rlms6_15 rlms7_15 rlms8_15, b(a2) se(2) nogaps  compress ///
>  mtitle("high_n" "HSGPER" "s1z" "migrate" "women2men" "marrate" "fem_ind_prop" "Literacy_97")

------------------------------------------------------------------------------------------------------------------
                 (1)          (2)          (3)          (4)          (5)          (6)          (7)          (8)   
              high_n       HSGPER          s1z      migrate    women2men      marrate    fem_ind~p    Litera~97   
------------------------------------------------------------------------------------------------------------------
edu_yrs         0.91***      1.07***      0.43***      1.17***     -2.27         2.07**       0.89***      1.15***
              (0.11)       (0.18)       (0.09)       (0.28)       (3.44)       (0.70)       (0.24)       (0.18)   
exper           0.16***      0.18***     0.079***      0.20***     -0.36         0.35**       0.15***      0.19***
              (0.02)       (0.03)       (0.02)       (0.05)       (0.56)       (0.12)       (0.04)       (0.03)   
exper2       -0.0022***   -0.0025***   -0.0013***   -0.0027***    0.0040      -0.0045**    -0.0022***   -0.0026***
              (0.00)       (0.00)       (0.00)       (0.00)       (0.01)       (0.00)       (0.00)       (0.00)   
_cons          -4.26*       -6.76*        3.22*       -8.33         45.4        -22.3*       -3.92        -8.00** 
              (1.79)       (2.83)       (1.41)       (4.32)      (53.74)      (11.01)       (3.68)       (2.81)   
------------------------------------------------------------------------------------------------------------------
N               6217         6217         6217         6217         6217         6217         6217         4349   
------------------------------------------------------------------------------------------------------------------
Standard errors in parentheses
* p<0.05, ** p<0.01, *** p<0.001

. 
end of do-file

. do "C:\Users\1\AppData\Local\Temp\STD6d08_000000.tmp"

.  log close
      name:  <unnamed>
       log:  C:\Country\Russia\Data\SEASHELL\SEABYTE\edreru\wp4\wp42.log
  log type:  text
 closed on:   1 May 2020, 14:10:47
------------------------------------------------------------------------------------------------------------------------------------------------------
